E/InputDispatcher(17162): Motion event has invalid pointer count 0; value must be between 1 and 16.

I/Unity   ( 3705): NullReferenceException: Object reference not set to an instance of an object

I/Unity   ( 3705):   at Soomla.Store.StoreInventory.GetItemBalance (System.String itemId) [0x00000] in E:\Unity Projects\Kids Puzzle Game - Copy\Assets\Plugins\Soomla\Store\StoreInventory.cs:78 

I/Unity   ( 3705):   at Soomla.Store.Example.PurchaseScript.CheckIAP_PurchaseStatus () [0x00000] in E:\Unity Projects\Kids Puzzle Game - Copy\Assets\Scripts\PurchaseScript.cs:36 

I/Unity   ( 3705):   at Soomla.Store.Example.PurchaseScript.Update () [0x00010] in E:\Unity Projects\Kids Puzzle Game - Copy\Assets\Scripts\PurchaseScript.cs:26 

I/Unity   ( 3705):  

I/Unity   ( 3705): (Filename: E Line: 0)

I/Unity   ( 3705): 

I/Unity   ( 3705): NullReferenceException: Object reference not set to an instance of an object

I/Unity   ( 3705):   at Soomla.Store.StoreInventory.GetItemBalance (System.String itemId) [0x00000] in E:\Unity Projects\Kids Puzzle Game - Copy\Assets\Plugins\Soomla\Store\StoreInventory.cs:78 

I/Unity   ( 3705):   at Soomla.Store.Example.PurchaseScript.CheckIAP_PurchaseStatus () [0x00000] in E:\Unity Projects\Kids Puzzle Game - Copy\Assets\Scripts\PurchaseScript.cs:36 

I/Unity   ( 3705):   at Soomla.Store.Example.PurchaseScript.Update () [0x00010] in E:\Unity Projects\Kids Puzzle Game - Copy\Assets\Scripts\PurchaseScript.cs:26 

I/Unity   ( 3705):  

I/Unity   ( 3705): (Filename: E Line: 0)

I/Unity   ( 3705): 

I/Unity   ( 3705): NullReferenceException: Object reference not set to an instance of an object

I/Unity   ( 3705):   at Soomla.Store.StoreInventory.GetItemBalance (System.String itemId) [0x00000] in E:\Unity Projects\Kids Puzzle Game - Copy\Assets\Plugins\Soomla\Store\StoreInventory.cs:78 

I/Unity   ( 3705):   at Soomla.Store.Example.PurchaseScript.CheckIAP_PurchaseStatus () [0x00000] in E:\Unity Projects\Kids Puzzle Game - Copy\Assets\Scripts\PurchaseScript.cs:36 

I/Unity   ( 3705):   at Soomla.Store.Example.PurchaseScript.Update () [0x00010] in E:\Unity Projects\Kids Puzzle Game - Copy\Assets\Scripts\PurchaseScript.cs:26 

I/Unity   ( 3705):  

I/Unity   ( 3705): (Filename: E Line: 0)

I/Unity   ( 3705): 

I/Unity   ( 3705): NullReferenceException: Object reference not set to an instance of an object

I/Unity   ( 3705):   at Soomla.Store.StoreInventory.GetItemBalance (System.String itemId) [0x00000] in E:\Unity Projects\Kids Puzzle Game - Copy\Assets\Plugins\Soomla\Store\StoreInventory.cs:78 

I/Unity   ( 3705):   at Soomla.Store.Example.PurchaseScript.CheckIAP_PurchaseStatus () [0x00000] in E:\Unity Projects\Kids Puzzle Game - Copy\Assets\Scripts\PurchaseScript.cs:36 

I/Unity   ( 3705):   at Soomla.Store.Example.PurchaseScript.Update () [0x00010] in E:\Unity Projects\Kids Puzzle Game - Copy\Assets\Scripts\PurchaseScript.cs:26 

I/Unity   ( 3705):  

I/Unity   ( 3705): (Filename: E Line: 0)

I/Unity   ( 3705): 

I/Unity   ( 3705): NullReferenceException: Object reference not set to an instance of an object

I/Unity   ( 3705):   at Soomla.Store.StoreInventory.GetItemBalance (System.String itemId) [0x00000] in E:\Unity Projects\Kids Puzzle Game - Copy\Assets\Plugins\Soomla\Store\StoreInventory.cs:78 

I/Unity   ( 3705):   at Soomla.Store.Example.PurchaseScript.CheckIAP_PurchaseStatus () [0x00000] in E:\Unity Projects\Kids Puzzle Game - Copy\Assets\Scripts\PurchaseScript.cs:36 

I/Unity   ( 3705):   at Soomla.Store.Example.PurchaseScript.Update () [0x00010] in E:\Unity Projects\Kids Puzzle Game - Copy\Assets\Scripts\PurchaseScript.cs:26 

I/Unity   ( 3705):  

I/Unity   ( 3705): (Filename: E Line: 0)

I/Unity   ( 3705): 

I/Unity   ( 3705): NullReferenceException: Object reference not set to an instance of an object

I/Unity   ( 3705):   at Soomla.Store.StoreInventory.GetItemBalance (System.String itemId) [0x00000] in E:\Unity Projects\Kids Puzzle Game - Copy\Assets\Plugins\Soomla\Store\StoreInventory.cs:78 

I/Unity   ( 3705):   at Soomla.Store.Example.PurchaseScript.CheckIAP_PurchaseStatus () [0x00000] in E:\Unity Projects\Kids Puzzle Game - Copy\Assets\Scripts\PurchaseScript.cs:36 

I/Unity   ( 3705):   at Soomla.Store.Example.PurchaseScript.Update () [0x00010] in E:\Unity Projects\Kids Puzzle Game - Copy\Assets\Scripts\PurchaseScript.cs:26 

I/Unity   ( 3705):  

I/Unity   ( 3705): (Filename: E Line: 0)

I/Unity   ( 3705): 

E/InputDispatcher(17162): Motion event has invalid pointer count 0; value must be between 1 and 16.

D/GuidanceScreen(17387): event === app_launch

D/GuidanceScreen(17387): hiding guidance

D/GuidanceScreen(17387): hardKeyboard = 1

D/GuidanceScreen(17387): controllerType === Keyboard

D/GuidanceScreen(17387): appName: Gamepop-Home, currentPkg: com.bluestacks.gamepophome, event: app_launch, controller: Keyboard

D/GuidanceScreen(17387): appName: Gamepop-Home

I/ActivityManager(17162): START u0 {act=android.intent.action.MAIN cat=[android.intent.category.HOME] flg=0x10200000 cmp=com.bluestacks.gamepophome/tv.gamepop.home.GamePopMain_} from pid 17162

D/ActivityManager(17162): TopActivityInfo, pkgName: com.bluestacks.gamepophome activityName: tv.gamepop.home.GamePopMain_ callingPackage: android  bstSpecialAppKeyboardHandlingEnabled = false

D/ActivityManager(17162): Showing guidance for pkgName: com.bluestacks.gamepophome

W/PGA     (17147): tid 17147: eglCreateSyncKHR: NOT IMPLEMENTED

I/Unity   ( 3705): NullReferenceException: Object reference not set to an instance of an object

I/Unity   ( 3705):   at Soomla.Store.StoreInventory.GetItemBalance (System.String itemId) [0x00000] in E:\Unity Projects\Kids Puzzle Game - Copy\Assets\Plugins\Soomla\Store\StoreInventory.cs:78 

I/Unity   ( 3705):   at Soomla.Store.Example.PurchaseScript.CheckIAP_PurchaseStatus () [0x00000] in E:\Unity Projects\Kids Puzzle Game - Copy\Assets\Scripts\PurchaseScript.cs:36 

I/Unity   ( 3705):   at Soomla.Store.Example.PurchaseScript.Update () [0x00010] in E:\Unity Projects\Kids Puzzle Game - Copy\Assets\Scripts\PurchaseScript.cs:26 

I/Unity   ( 3705):  

I/Unity   ( 3705): (Filename: E Line: 0)

I/Unity   ( 3705): 

I/Unity   ( 3705): NullReferenceException: Object reference not set to an instance of an object

I/Unity   ( 3705):   at Soomla.Store.StoreInventory.GetItemBalance (System.String itemId) [0x00000] in E:\Unity Projects\Kids Puzzle Game - Copy\Assets\Plugins\Soomla\Store\StoreInventory.cs:78 

I/Unity   ( 3705):   at Soomla.Store.Example.PurchaseScript.CheckIAP_PurchaseStatus () [0x00000] in E:\Unity Projects\Kids Puzzle Game - Copy\Assets\Scripts\PurchaseScript.cs:36 

I/Unity   ( 3705):   at Soomla.Store.Example.PurchaseScript.Update () [0x00010] in E:\Unity Projects\Kids Puzzle Game - Copy\Assets\Scripts\PurchaseScript.cs:26 

I/Unity   ( 3705):  

I/Unity   ( 3705): (Filename: E Line: 0)

I/Unity   ( 3705): 

I/Unity   ( 3705): onPause

D/Home.AppLaunchReceiver(17475): *************************Received app launch broadcast

D/Home.AppLaunchReceiver(17475): Home App com.bluestacks.gamepophome

I/Unity   ( 3705): NullReferenceException: Object reference not set to an instance of an object

I/Unity   ( 3705):   at Soomla.Store.StoreInventory.GetItemBalance (System.String itemId) [0x00000] in E:\Unity Projects\Kids Puzzle Game - Copy\Assets\Plugins\Soomla\Store\StoreInventory.cs:78 

I/Unity   ( 3705):   at Soomla.Store.Example.PurchaseScript.CheckIAP_PurchaseStatus () [0x00000] in E:\Unity Projects\Kids Puzzle Game - Copy\Assets\Scripts\PurchaseScript.cs:36 

I/Unity   ( 3705):   at Soomla.Store.Example.PurchaseScript.Update () [0x00010] in E:\Unity Projects\Kids Puzzle Game - Copy\Assets\Scripts\PurchaseScript.cs:26 

I/Unity   ( 3705):  

I/Unity   ( 3705): (Filename: E Line: 0)

I/Unity   ( 3705): 

D/GuidanceScreen(17387): no guidance for com.bluestacks.gamepophome.

D/Unity   ( 3705): Sensor :        Accelerometer ( 1) ; 0.001000 / 0.00s ; Accelerometer Sensor / BlueStacks Inc. 

D/GuidanceScreen(17387): event === app_launch

D/GuidanceScreen(17387): hiding guidance

D/GuidanceScreen(17387): hardKeyboard = 1

D/GuidanceScreen(17387): controllerType === Keyboard

D/ActivityManager(17162): TopActivityInfo, pkgName: com.bluestacks.gamepophome activityName: com.bluestacks.gamepophome/tv.gamepop.home.GamePopMain_ callingPackage:   bstSpecialAppKeyboardHandlingEnabled = false

D/ActivityManager(17162): Showing guidance for pkgName: com.bluestacks.gamepophome

D/WindowManager(17162): in computeScreenConfigurationLocked() -- hardKeyboardAvailable :true  mHardKeyboardAvailable :true   mHardKeyboardEnabled :true

D/GuidanceScreen(17387): appName: Gamepop-Home, currentPkg: com.bluestacks.gamepophome, event: app_launch, controller: Keyboard

D/GuidanceScreen(17387): appName: Gamepop-Home

D/Home.AppLaunchReceiver(17475): *************************Received app launch broadcast

D/Home.AppLaunchReceiver(17475): Home App com.bluestacks.gamepophome

I/ActivityManager(17162): Setting mBooting value to false, currently mBooted = true

I/ActivityManager(17162): Setting mBooting value to false, currently mBooted = true

D/GuidanceScreen(17387): no guidance for com.bluestacks.gamepophome.

I/bluestacksHome( 2375): OnResume Called

W/ContextImpl( 2375): Implicit intents with startService are not safe: Intent { act=com.bluestacks.START_SILENT_INSTALL_MESSENGER } android.content.ContextWrapper.startService:494 tv.gamepop.home.InstalledAppsGrid.refreshHiddenList:140 tv.gamepop.home.InstalledAppsGrid.refresh:375 

D/bluestacksHome( 2375): Checking for notifications

D/bluestacksHome( 2375): notification check not required. Ignoring.

W/ContextImpl( 2375): Implicit intents with startService are not safe: Intent { act=com.bluestacks.START_SILENT_INSTALL_MESSENGER } android.content.ContextWrapper.bindService:517 tv.gamepop.home.InstalledAppsGrid.refreshHiddenList:141 tv.gamepop.home.InstalledAppsGrid.refresh:375 

I/Unity   ( 3705): windowFocusChanged: false

D/dalvikvm( 2375): GC_FOR_ALLOC freed 6201K, 32% free 24220K/35412K, paused 10ms, total 20ms

I/bluestacksHome( 2375): OnResume Returning

W/PGA     ( 2375): [2375] egl: eglCreateWindowSurface (0x557d97a0, 0x0, 0x77e8da18, 0x775980e0)

W/PGA     ( 2375): [2375] egl: eglCreateWindowSurface (0x557d97a0, 0x0, 0x77e8da18, 0x775980e0) returned

D/WindowManager(17162): topDisplayedActivityInfo, appToken: Token{327f460c ActivityRecord{32b26494 u0 com.ParadigmDinosaurs.PuzzlesForKidsVehicles/com.unity3d.player.UnityPlayerNativeActivity t115}}

D/InputMethodManagerService(17162): ime_enabled = false is same as last value, no change

I/ActivityManager(17162): Setting mBooting value to false, currently mBooted = true

D/Unity   ( 3705): [EGL] Attaching window :0x0

D/WindowManager(17162): topDisplayedActivityInfo, appToken: Token{327f460c ActivityRecord{32b26494 u0 com.ParadigmDinosaurs.PuzzlesForKidsVehicles/com.unity3d.player.UnityPlayerNativeActivity t115}}

D/WindowManager(17162): topDisplayedActivityInfo, appToken: Token{329d35a8 ActivityRecord{32740628 u0 com.bluestacks.gamepophome/tv.gamepop.home.GamePopMain_ t74}}

D/SOOMLA com.soomla.Foreground( 3705): became background

D/WindowManager(17162): topDisplayedActivityInfo, appToken: Token{329d35a8 ActivityRecord{32740628 u0 com.bluestacks.gamepophome/tv.gamepop.home.GamePopMain_ t74}}

I/ActivityManager(17162): Setting mBooting value to false, currently mBooted = true

W/SurfaceFlinger(17147): couldn't log to binary event log: overflow.

D/dalvikvm(17356): GC_FOR_ALLOC freed 610K, 27% free 2732K/3716K, paused 10ms, total 10ms
