I/Unity   (18234): NullReferenceException: Object reference not set to an instance of an object

I/Unity   (18234):   at Soomla.Store.StoreInventory.GetItemBalance (System.String itemId) [0x00000] in <filename unknown>:0 

I/Unity   (18234):   at Soomla.Store.Example.PurchaseScript.CheckIAP_PurchaseStatus () [0x00000] in <filename unknown>:0 

I/Unity   (18234):   at Soomla.Store.Example.PurchaseScript.Update () [0x00000] in <filename unknown>:0 

I/Unity   (18234):  

I/Unity   (18234): (Filename:  Line: -1)

I/Unity   (18234): 

I/Unity   (18234): NullReferenceException: Object reference not set to an instance of an object

I/Unity   (18234):   at Soomla.Store.StoreInventory.GetItemBalance (System.String itemId) [0x00000] in <filename unknown>:0 

I/Unity   (18234):   at Soomla.Store.Example.PurchaseScript.CheckIAP_PurchaseStatus () [0x00000] in <filename unknown>:0 

I/Unity   (18234):   at Soomla.Store.Example.PurchaseScript.Update () [0x00000] in <filename unknown>:0 

I/Unity   (18234):  

I/Unity   (18234): (Filename:  Line: -1)

I/Unity   (18234): 

I/Unity   (18234): NullReferenceException: Object reference not set to an instance of an object

I/Unity   (18234):   at Soomla.Store.StoreInventory.GetItemBalance (System.String itemId) [0x00000] in <filename unknown>:0 

I/Unity   (18234):   at Soomla.Store.Example.PurchaseScript.CheckIAP_PurchaseStatus () [0x00000] in <filename unknown>:0 

I/Unity   (18234):   at Soomla.Store.Example.PurchaseScript.Update () [0x00000] in <filename unknown>:0 

I/Unity   (18234):  

I/Unity   (18234): (Filename:  Line: -1)

I/Unity   (18234): 

I/Unity   (18234): NullReferenceException: Object reference not set to an instance of an object

I/Unity   (18234):   at Soomla.Store.StoreInventory.GetItemBalance (System.String itemId) [0x00000] in <filename unknown>:0 

I/Unity   (18234):   at Soomla.Store.Example.PurchaseScript.CheckIAP_PurchaseStatus () [0x00000] in <filename unknown>:0 

I/Unity   (18234):   at Soomla.Store.Example.PurchaseScript.Update () [0x00000] in <filename unknown>:0 

I/Unity   (18234):  

I/Unity   (18234): (Filename:  Line: -1)

I/Unity   (18234): 

I/Unity   (18234): NullReferenceException: Object reference not set to an instance of an object

I/Unity   (18234):   at Soomla.Store.StoreInventory.GetItemBalance (System.String itemId) [0x00000] in <filename unknown>:0 

I/Unity   (18234):   at Soomla.Store.Example.PurchaseScript.CheckIAP_PurchaseStatus () [0x00000] in <filename unknown>:0 

I/Unity   (18234):   at Soomla.Store.Example.PurchaseScript.Update () [0x00000] in <filename unknown>:0 

I/Unity   (18234):  

I/Unity   (18234): (Filename:  Line: -1)

I/Unity   (18234): 

I/Unity   (18234): NullReferenceException: Object reference not set to an instance of an object

I/Unity   (18234):   at Soomla.Store.StoreInventory.GetItemBalance (System.String itemId) [0x00000] in <filename unknown>:0 

I/Unity   (18234):   at Soomla.Store.Example.PurchaseScript.CheckIAP_PurchaseStatus () [0x00000] in <filename unknown>:0 

I/Unity   (18234):   at Soomla.Store.Example.PurchaseScript.Update () [0x00000] in <filename unknown>:0 

I/Unity   (18234):  

I/Unity   (18234): (Filename:  Line: -1)

I/Unity   (18234): 

I/Unity   (18234): NullReferenceException: Object reference not set to an instance of an object

I/Unity   (18234):   at Soomla.Store.StoreInventory.GetItemBalance (System.String itemId) [0x00000] in <filename unknown>:0 

I/Unity   (18234):   at Soomla.Store.Example.PurchaseScript.CheckIAP_PurchaseStatus () [0x00000] in <filename unknown>:0 

I/Unity   (18234):   at Soomla.Store.Example.PurchaseScript.Update () [0x00000] in <filename unknown>:0 

I/Unity   (18234):  

I/Unity   (18234): (Filename:  Line: -1)

I/Unity   (18234): 

I/Unity   (18234): NullReferenceException: Object reference not set to an instance of an object

I/Unity   (18234):   at Soomla.Store.StoreInventory.GetItemBalance (System.String itemId) [0x00000] in <filename unknown>:0 

I/Unity   (18234):   at Soomla.Store.Example.PurchaseScript.CheckIAP_PurchaseStatus () [0x00000] in <filename unknown>:0 

I/Unity   (18234):   at Soomla.Store.Example.PurchaseScript.Update () [0x00000] in <filename unknown>:0 

I/Unity   (18234):  

I/Unity   (18234): (Filename:  Line: -1)

I/Unity   (18234): 

I/Unity   (18234): NullReferenceException: Object reference not set to an instance of an object

I/Unity   (18234):   at Soomla.Store.StoreInventory.GetItemBalance (System.String itemId) [0x00000] in <filename unknown>:0 

I/Unity   (18234):   at Soomla.Store.Example.PurchaseScript.CheckIAP_PurchaseStatus () [0x00000] in <filename unknown>:0 

I/Unity   (18234):   at Soomla.Store.Example.PurchaseScript.Update () [0x00000] in <filename unknown>:0 

I/Unity   (18234):  

I/Unity   (18234): (Filename:  Line: -1)

I/Unity   (18234): 

I/Unity   (18234): NullReferenceException: Object reference not set to an instance of an object

I/Unity   (18234):   at Soomla.Store.StoreInventory.GetItemBalance (System.String itemId) [0x00000] in <filename unknown>:0 

I/Unity   (18234):   at Soomla.Store.Example.PurchaseScript.CheckIAP_PurchaseStatus () [0x00000] in <filename unknown>:0 

I/Unity   (18234):   at Soomla.Store.Example.PurchaseScript.Update () [0x00000] in <filename unknown>:0 

I/Unity   (18234):  

I/Unity   (18234): (Filename:  Line: -1)

I/Unity   (18234): 

I/Unity   (18234): NullReferenceException: Object reference not set to an instance of an object

I/Unity   (18234):   at Soomla.Store.StoreInventory.GetItemBalance (System.String itemId) [0x00000] in <filename unknown>:0 

I/Unity   (18234):   at Soomla.Store.Example.PurchaseScript.CheckIAP_PurchaseStatus () [0x00000] in <filename unknown>:0 

I/Unity   (18234):   at Soomla.Store.Example.PurchaseScript.Update () [0x00000] in <filename unknown>:0 

I/Unity   (18234):  

I/Unity   (18234): (Filename:  Line: -1)

I/Unity   (18234): 

I/Unity   (18234): NullReferenceException: Object reference not set to an instance of an object

I/Unity   (18234):   at Soomla.Store.StoreInventory.GetItemBalance (System.String itemId) [0x00000] in <filename unknown>:0 

I/Unity   (18234):   at Soomla.Store.Example.PurchaseScript.CheckIAP_PurchaseStatus () [0x00000] in <filename unknown>:0 

I/Unity   (18234):   at Soomla.Store.Example.PurchaseScript.Update () [0x00000] in <filename unknown>:0 

I/Unity   (18234):  

I/Unity   (18234): (Filename:  Line: -1)

I/Unity   (18234): 

I/Unity   (18234): NullReferenceException: Object reference not set to an instance of an object

I/Unity   (18234):   at Soomla.Store.StoreInventory.GetItemBalance (System.String itemId) [0x00000] in <filename unknown>:0 

I/Unity   (18234):   at Soomla.Store.Example.PurchaseScript.CheckIAP_PurchaseStatus () [0x00000] in <filename unknown>:0 

I/Unity   (18234):   at Soomla.Store.Example.PurchaseScript.Update () [0x00000] in <filename unknown>:0 

I/Unity   (18234):  

I/Unity   (18234): (Filename:  Line: -1)

I/Unity   (18234): 

I/Unity   (18234): NullReferenceException: Object reference not set to an instance of an object

I/Unity   (18234):   at Soomla.Store.StoreInventory.GetItemBalance (System.String itemId) [0x00000] in <filename unknown>:0 

I/Unity   (18234):   at Soomla.Store.Example.PurchaseScript.CheckIAP_PurchaseStatus () [0x00000] in <filename unknown>:0 

I/Unity   (18234):   at Soomla.Store.Example.PurchaseScript.Update () [0x00000] in <filename unknown>:0 

I/Unity   (18234):  

I/Unity   (18234): (Filename:  Line: -1)

I/Unity   (18234): 

I/Unity   (18234): NullReferenceException: Object reference not set to an instance of an object

I/Unity   (18234):   at Soomla.Store.StoreInventory.GetItemBalance (System.String itemId) [0x00000] in <filename unknown>:0 

I/Unity   (18234):   at Soomla.Store.Example.PurchaseScript.CheckIAP_PurchaseStatus () [0x00000] in <filename unknown>:0 

I/Unity   (18234):   at Soomla.Store.Example.PurchaseScript.Update () [0x00000] in <filename unknown>:0 

I/Unity   (18234):  

I/Unity   (18234): (Filename:  Line: -1)

I/Unity   (18234): 

I/Unity   (18234): NullReferenceException: Object reference not set to an instance of an object

I/Unity   (18234):   at Soomla.Store.StoreInventory.GetItemBalance (System.String itemId) [0x00000] in <filename unknown>:0 

I/Unity   (18234):   at Soomla.Store.Example.PurchaseScript.CheckIAP_PurchaseStatus () [0x00000] in <filename unknown>:0 

I/Unity   (18234):   at Soomla.Store.Example.PurchaseScript.Update () [0x00000] in <filename unknown>:0 

I/Unity   (18234):  

I/Unity   (18234): (Filename:  Line: -1)

I/Unity   (18234): 

I/Unity   (18234): NullReferenceException: Object reference not set to an instance of an object

I/Unity   (18234):   at Soomla.Store.StoreInventory.GetItemBalance (System.String itemId) [0x00000] in <filename unknown>:0 

I/Unity   (18234):   at Soomla.Store.Example.PurchaseScript.CheckIAP_PurchaseStatus () [0x00000] in <filename unknown>:0 

I/Unity   (18234):   at Soomla.Store.Example.PurchaseScript.Update () [0x00000] in <filename unknown>:0 

I/Unity   (18234):  

I/Unity   (18234): (Filename:  Line: -1)

I/Unity   (18234): 

I/Unity   (18234): NullReferenceException: Object reference not set to an instance of an object

I/Unity   (18234):   at Soomla.Store.StoreInventory.GetItemBalance (System.String itemId) [0x00000] in <filename unknown>:0 

I/Unity   (18234):   at Soomla.Store.Example.PurchaseScript.CheckIAP_PurchaseStatus () [0x00000] in <filename unknown>:0 

I/Unity   (18234):   at Soomla.Store.Example.PurchaseScript.Update () [0x00000] in <filename unknown>:0 

I/Unity   (18234):  

I/Unity   (18234): (Filename:  Line: -1)

I/Unity   (18234): 

I/Unity   (18234): NullReferenceException: Object reference not set to an instance of an object

I/Unity   (18234):   at Soomla.Store.StoreInventory.GetItemBalance (System.String itemId) [0x00000] in <filename unknown>:0 

I/Unity   (18234):   at Soomla.Store.Example.PurchaseScript.CheckIAP_PurchaseStatus () [0x00000] in <filename unknown>:0 

I/Unity   (18234):   at Soomla.Store.Example.PurchaseScript.Update () [0x00000] in <filename unknown>:0 

I/Unity   (18234):  

I/Unity   (18234): (Filename:  Line: -1)

I/Unity   (18234): 

I/Unity   (18234): NullReferenceException: Object reference not set to an instance of an object

I/Unity   (18234):   at Soomla.Store.StoreInventory.GetItemBalance (System.String itemId) [0x00000] in <filename unknown>:0 

I/Unity   (18234):   at Soomla.Store.Example.PurchaseScript.CheckIAP_PurchaseStatus () [0x00000] in <filename unknown>:0 

I/Unity   (18234):   at Soomla.Store.Example.PurchaseScript.Update () [0x00000] in <filename unknown>:0 

I/Unity   (18234):  

I/Unity   (18234): (Filename:  Line: -1)

I/Unity   (18234): 

I/Unity   (18234): NullReferenceException: Object reference not set to an instance of an object

I/Unity   (18234):   at Soomla.Store.StoreInventory.GetItemBalance (System.String itemId) [0x00000] in <filename unknown>:0 

I/Unity   (18234):   at Soomla.Store.Example.PurchaseScript.CheckIAP_PurchaseStatus () [0x00000] in <filename unknown>:0 

I/Unity   (18234):   at Soomla.Store.Example.PurchaseScript.Update () [0x00000] in <filename unknown>:0 

I/Unity   (18234):  

I/Unity   (18234): (Filename:  Line: -1)

I/Unity   (18234): 

I/Unity   (18234): NullReferenceException: Object reference not set to an instance of an object

I/Unity   (18234):   at Soomla.Store.StoreInventory.GetItemBalance (System.String itemId) [0x00000] in <filename unknown>:0 

I/Unity   (18234):   at Soomla.Store.Example.PurchaseScript.CheckIAP_PurchaseStatus () [0x00000] in <filename unknown>:0 

I/Unity   (18234):   at Soomla.Store.Example.PurchaseScript.Update () [0x00000] in <filename unknown>:0 

I/Unity   (18234):  

I/Unity   (18234): (Filename:  Line: -1)

I/Unity   (18234): 

I/Unity   (18234): NullReferenceException: Object reference not set to an instance of an object

I/Unity   (18234):   at Soomla.Store.StoreInventory.GetItemBalance (System.String itemId) [0x00000] in <filename unknown>:0 

I/Unity   (18234):   at Soomla.Store.Example.PurchaseScript.CheckIAP_PurchaseStatus () [0x00000] in <filename unknown>:0 

I/Unity   (18234):   at Soomla.Store.Example.PurchaseScript.Update () [0x00000] in <filename unknown>:0 

I/Unity   (18234):  

I/Unity   (18234): (Filename:  Line: -1)

I/Unity   (18234): 

I/Unity   (18234): NullReferenceException: Object reference not set to an instance of an object

I/Unity   (18234):   at Soomla.Store.StoreInventory.GetItemBalance (System.String itemId) [0x00000] in <filename unknown>:0 

I/Unity   (18234):   at Soomla.Store.Example.PurchaseScript.CheckIAP_PurchaseStatus () [0x00000] in <filename unknown>:0 

I/Unity   (18234):   at Soomla.Store.Example.PurchaseScript.Update () [0x00000] in <filename unknown>:0 

I/Unity   (18234):  

I/Unity   (18234): (Filename:  Line: -1)

I/Unity   (18234): 

I/Unity   (18234): NullReferenceException: Object reference not set to an instance of an object

I/Unity   (18234):   at Soomla.Store.StoreInventory.GetItemBalance (System.String itemId) [0x00000] in <filename unknown>:0 

I/Unity   (18234):   at Soomla.Store.Example.PurchaseScript.CheckIAP_PurchaseStatus () [0x00000] in <filename unknown>:0 

I/Unity   (18234):   at Soomla.Store.Example.PurchaseScript.Update () [0x00000] in <filename unknown>:0 

I/Unity   (18234):  

I/Unity   (18234): (Filename:  Line: -1)

I/Unity   (18234): 

I/Unity   (18234): NullReferenceException: Object reference not set to an instance of an object

I/Unity   (18234):   at Soomla.Store.StoreInventory.GetItemBalance (System.String itemId) [0x00000] in <filename unknown>:0 

I/Unity   (18234):   at Soomla.Store.Example.PurchaseScript.CheckIAP_PurchaseStatus () [0x00000] in <filename unknown>:0 

I/Unity   (18234):   at Soomla.Store.Example.PurchaseScript.Update () [0x00000] in <filename unknown>:0 

I/Unity   (18234):  

I/Unity   (18234): (Filename:  Line: -1)

I/Unity   (18234): 

I/Unity   (18234): NullReferenceException: Object reference not set to an instance of an object

I/Unity   (18234):   at Soomla.Store.StoreInventory.GetItemBalance (System.String itemId) [0x00000] in <filename unknown>:0 

I/Unity   (18234):   at Soomla.Store.Example.PurchaseScript.CheckIAP_PurchaseStatus () [0x00000] in <filename unknown>:0 

I/Unity   (18234):   at Soomla.Store.Example.PurchaseScript.Update () [0x00000] in <filename unknown>:0 

I/Unity   (18234):  

I/Unity   (18234): (Filename:  Line: -1)

I/Unity   (18234): 

I/Unity   (18234): NullReferenceException: Object reference not set to an instance of an object

I/Unity   (18234):   at Soomla.Store.StoreInventory.GetItemBalance (System.String itemId) [0x00000] in <filename unknown>:0 

I/Unity   (18234):   at Soomla.Store.Example.PurchaseScript.CheckIAP_PurchaseStatus () [0x00000] in <filename unknown>:0 

I/Unity   (18234):   at Soomla.Store.Example.PurchaseScript.Update () [0x00000] in <filename unknown>:0 

I/Unity   (18234):  

I/Unity   (18234): (Filename:  Line: -1)

I/Unity   (18234): 

I/Unity   (18234): NullReferenceException: Object reference not set to an instance of an object

I/Unity   (18234):   at Soomla.Store.StoreInventory.GetItemBalance (System.String itemId) [0x00000] in <filename unknown>:0 

I/Unity   (18234):   at Soomla.Store.Example.PurchaseScript.CheckIAP_PurchaseStatus () [0x00000] in <filename unknown>:0 

I/Unity   (18234):   at Soomla.Store.Example.PurchaseScript.Update () [0x00000] in <filename unknown>:0 

I/Unity   (18234):  

I/Unity   (18234): (Filename:  Line: -1)

I/Unity   (18234): 

I/Unity   (18234): NullReferenceException: Object reference not set to an instance of an object

I/Unity   (18234):   at Soomla.Store.StoreInventory.GetItemBalance (System.String itemId) [0x00000] in <filename unknown>:0 

I/Unity   (18234):   at Soomla.Store.Example.PurchaseScript.CheckIAP_PurchaseStatus () [0x00000] in <filename unknown>:0 

I/Unity   (18234):   at Soomla.Store.Example.PurchaseScript.Update () [0x00000] in <filename unknown>:0 

I/Unity   (18234):  

I/Unity   (18234): (Filename:  Line: -1)

I/Unity   (18234): 

I/Unity   (18234): NullReferenceException: Object reference not set to an instance of an object

I/Unity   (18234):   at Soomla.Store.StoreInventory.GetItemBalance (System.String itemId) [0x00000] in <filename unknown>:0 

I/Unity   (18234):   at Soomla.Store.Example.PurchaseScript.CheckIAP_PurchaseStatus () [0x00000] in <filename unknown>:0 

I/Unity   (18234):   at Soomla.Store.Example.PurchaseScript.Update () [0x00000] in <filename unknown>:0 

I/Unity   (18234):  

I/Unity   (18234): (Filename:  Line: -1)

I/Unity   (18234): 

I/Unity   (18234): NullReferenceException: Object reference not set to an instance of an object

I/Unity   (18234):   at Soomla.Store.StoreInventory.GetItemBalance (System.String itemId) [0x00000] in <filename unknown>:0 

I/Unity   (18234):   at Soomla.Store.Example.PurchaseScript.CheckIAP_PurchaseStatus () [0x00000] in <filename unknown>:0 

I/Unity   (18234):   at Soomla.Store.Example.PurchaseScript.Update () [0x00000] in <filename unknown>:0 

I/Unity   (18234):  

I/Unity   (18234): (Filename:  Line: -1)

I/Unity   (18234): 

I/Unity   (18234): NullReferenceException: Object reference not set to an instance of an object

I/Unity   (18234):   at Soomla.Store.StoreInventory.GetItemBalance (System.String itemId) [0x00000] in <filename unknown>:0 

I/Unity   (18234):   at Soomla.Store.Example.PurchaseScript.CheckIAP_PurchaseStatus () [0x00000] in <filename unknown>:0 

I/Unity   (18234):   at Soomla.Store.Example.PurchaseScript.Update () [0x00000] in <filename unknown>:0 

I/Unity   (18234):  

I/Unity   (18234): (Filename:  Line: -1)

I/Unity   (18234): 

I/Unity   (18234): NullReferenceException: Object reference not set to an instance of an object

I/Unity   (18234):   at Soomla.Store.StoreInventory.GetItemBalance (System.String itemId) [0x00000] in <filename unknown>:0 

I/Unity   (18234):   at Soomla.Store.Example.PurchaseScript.CheckIAP_PurchaseStatus () [0x00000] in <filename unknown>:0 

I/Unity   (18234):   at Soomla.Store.Example.PurchaseScript.Update () [0x00000] in <filename unknown>:0 

I/Unity   (18234):  

I/Unity   (18234): (Filename:  Line: -1)

I/Unity   (18234): 

I/Unity   (18234): NullReferenceException: Object reference not set to an instance of an object

I/Unity   (18234):   at Soomla.Store.StoreInventory.GetItemBalance (System.String itemId) [0x00000] in <filename unknown>:0 

I/Unity   (18234):   at Soomla.Store.Example.PurchaseScript.CheckIAP_PurchaseStatus () [0x00000] in <filename unknown>:0 

I/Unity   (18234):   at Soomla.Store.Example.PurchaseScript.Update () [0x00000] in <filename unknown>:0 

I/Unity   (18234):  

I/Unity   (18234): (Filename:  Line: -1)

I/Unity   (18234): 

I/Unity   (18234): NullReferenceException: Object reference not set to an instance of an object

I/Unity   (18234):   at Soomla.Store.StoreInventory.GetItemBalance (System.String itemId) [0x00000] in <filename unknown>:0 

I/Unity   (18234):   at Soomla.Store.Example.PurchaseScript.CheckIAP_PurchaseStatus () [0x00000] in <filename unknown>:0 

I/Unity   (18234):   at Soomla.Store.Example.PurchaseScript.Update () [0x00000] in <filename unknown>:0 

I/Unity   (18234):  

I/Unity   (18234): (Filename:  Line: -1)

I/Unity   (18234): 

I/Unity   (18234): NullReferenceException: Object reference not set to an instance of an object

I/Unity   (18234):   at Soomla.Store.StoreInventory.GetItemBalance (System.String itemId) [0x00000] in <filename unknown>:0 

I/Unity   (18234):   at Soomla.Store.Example.PurchaseScript.CheckIAP_PurchaseStatus () [0x00000] in <filename unknown>:0 

I/Unity   (18234):   at Soomla.Store.Example.PurchaseScript.Update () [0x00000] in <filename unknown>:0 

I/Unity   (18234):  

I/Unity   (18234): (Filename:  Line: -1)

I/Unity   (18234): 

I/Unity   (18234): NullReferenceException: Object reference not set to an instance of an object

I/Unity   (18234):   at Soomla.Store.StoreInventory.GetItemBalance (System.String itemId) [0x00000] in <filename unknown>:0 

I/Unity   (18234):   at Soomla.Store.Example.PurchaseScript.CheckIAP_PurchaseStatus () [0x00000] in <filename unknown>:0 

I/Unity   (18234):   at Soomla.Store.Example.PurchaseScript.Update () [0x00000] in <filename unknown>:0 

I/Unity   (18234):  

I/Unity   (18234): (Filename:  Line: -1)

I/Unity   (18234): 

I/Unity   (18234): NullReferenceException: Object reference not set to an instance of an object

I/Unity   (18234):   at Soomla.Store.StoreInventory.GetItemBalance (System.String itemId) [0x00000] in <filename unknown>:0 

I/Unity   (18234):   at Soomla.Store.Example.PurchaseScript.CheckIAP_PurchaseStatus () [0x00000] in <filename unknown>:0 

I/Unity   (18234):   at Soomla.Store.Example.PurchaseScript.Update () [0x00000] in <filename unknown>:0 

I/Unity   (18234):  

I/Unity   (18234): (Filename:  Line: -1)

I/Unity   (18234): 

I/Unity   (18234): NullReferenceException: Object reference not set to an instance of an object

I/Unity   (18234):   at Soomla.Store.StoreInventory.GetItemBalance (System.String itemId) [0x00000] in <filename unknown>:0 

I/Unity   (18234):   at Soomla.Store.Example.PurchaseScript.CheckIAP_PurchaseStatus () [0x00000] in <filename unknown>:0 

I/Unity   (18234):   at Soomla.Store.Example.PurchaseScript.Update () [0x00000] in <filename unknown>:0 

I/Unity   (18234):  

I/Unity   (18234): (Filename:  Line: -1)

I/Unity   (18234): 

I/Unity   (18234): NullReferenceException: Object reference not set to an instance of an object

I/Unity   (18234):   at Soomla.Store.StoreInventory.GetItemBalance (System.String itemId) [0x00000] in <filename unknown>:0 

I/Unity   (18234):   at Soomla.Store.Example.PurchaseScript.CheckIAP_PurchaseStatus () [0x00000] in <filename unknown>:0 

I/Unity   (18234):   at Soomla.Store.Example.PurchaseScript.Update () [0x00000] in <filename unknown>:0 

I/Unity   (18234):  

I/Unity   (18234): (Filename:  Line: -1)

I/Unity   (18234): 

I/Unity   (18234): NullReferenceException: Object reference not set to an instance of an object

I/Unity   (18234):   at Soomla.Store.StoreInventory.GetItemBalance (System.String itemId) [0x00000] in <filename unknown>:0 

I/Unity   (18234):   at Soomla.Store.Example.PurchaseScript.CheckIAP_PurchaseStatus () [0x00000] in <filename unknown>:0 

I/Unity   (18234):   at Soomla.Store.Example.PurchaseScript.Update () [0x00000] in <filename unknown>:0 

I/Unity   (18234):  

I/Unity   (18234): (Filename:  Line: -1)

I/Unity   (18234): 

I/Unity   (18234): NullReferenceException: Object reference not set to an instance of an object

I/Unity   (18234):   at Soomla.Store.StoreInventory.GetItemBalance (System.String itemId) [0x00000] in <filename unknown>:0 

I/Unity   (18234):   at Soomla.Store.Example.PurchaseScript.CheckIAP_PurchaseStatus () [0x00000] in <filename unknown>:0 

I/Unity   (18234):   at Soomla.Store.Example.PurchaseScript.Update () [0x00000] in <filename unknown>:0 

I/Unity   (18234):  

I/Unity   (18234): (Filename:  Line: -1)

I/Unity   (18234): 

I/Unity   (18234): NullReferenceException: Object reference not set to an instance of an object

I/Unity   (18234):   at Soomla.Store.StoreInventory.GetItemBalance (System.String itemId) [0x00000] in <filename unknown>:0 

I/Unity   (18234):   at Soomla.Store.Example.PurchaseScript.CheckIAP_PurchaseStatus () [0x00000] in <filename unknown>:0 

I/Unity   (18234):   at Soomla.Store.Example.PurchaseScript.Update () [0x00000] in <filename unknown>:0 

I/Unity   (18234):  

I/Unity   (18234): (Filename:  Line: -1)

I/Unity   (18234): 

E/InputDispatcher( 9461): Motion event has invalid pointer count 0; value must be between 1 and 16.

I/Unity   (18234): NullReferenceException: Object reference not set to an instance of an object

I/Unity   (18234):   at Soomla.Store.StoreInventory.GetItemBalance (System.String itemId) [0x00000] in <filename unknown>:0 

I/Unity   (18234):   at Soomla.Store.Example.PurchaseScript.CheckIAP_PurchaseStatus () [0x00000] in <filename unknown>:0 

I/Unity   (18234):   at Soomla.Store.Example.PurchaseScript.Update () [0x00000] in <filename unknown>:0 

I/Unity   (18234):  

I/Unity   (18234): (Filename:  Line: -1)

I/Unity   (18234): 

I/Unity   (18234): NullReferenceException: Object reference not set to an instance of an object

I/Unity   (18234):   at Soomla.Store.StoreInventory.GetItemBalance (System.String itemId) [0x00000] in <filename unknown>:0 

I/Unity   (18234):   at Soomla.Store.Example.PurchaseScript.CheckIAP_PurchaseStatus () [0x00000] in <filename unknown>:0 

I/Unity   (18234):   at Soomla.Store.Example.PurchaseScript.Update () [0x00000] in <filename unknown>:0 

I/Unity   (18234):  

I/Unity   (18234): (Filename:  Line: -1)

I/Unity   (18234): 

I/Unity   (18234): NullReferenceException: Object reference not set to an instance of an object

I/Unity   (18234):   at Soomla.Store.StoreInventory.GetItemBalance (System.String itemId) [0x00000] in <filename unknown>:0 

I/Unity   (18234):   at Soomla.Store.Example.PurchaseScript.CheckIAP_PurchaseStatus () [0x00000] in <filename unknown>:0 

I/Unity   (18234):   at Soomla.Store.Example.PurchaseScript.Update () [0x00000] in <filename unknown>:0 

I/Unity   (18234):  

I/Unity   (18234): (Filename:  Line: -1)

I/Unity   (18234): 

I/Unity   (18234): NullReferenceException: Object reference not set to an instance of an object

I/Unity   (18234):   at Soomla.Store.StoreInventory.GetItemBalance (System.String itemId) [0x00000] in <filename unknown>:0 

I/Unity   (18234):   at Soomla.Store.Example.PurchaseScript.CheckIAP_PurchaseStatus () [0x00000] in <filename unknown>:0 

I/Unity   (18234):   at Soomla.Store.Example.PurchaseScript.Update () [0x00000] in <filename unknown>:0 

I/Unity   (18234):  

I/Unity   (18234): (Filename:  Line: -1)

I/Unity   (18234): 

I/Unity   (18234): NullReferenceException: Object reference not set to an instance of an object

I/Unity   (18234):   at Soomla.Store.StoreInventory.GetItemBalance (System.String itemId) [0x00000] in <filename unknown>:0 

I/Unity   (18234):   at Soomla.Store.Example.PurchaseScript.CheckIAP_PurchaseStatus () [0x00000] in <filename unknown>:0 

I/Unity   (18234):   at Soomla.Store.Example.PurchaseScript.Update () [0x00000] in <filename unknown>:0 

I/Unity   (18234):  

I/Unity   (18234): (Filename:  Line: -1)

I/Unity   (18234): 

E/InputDispatcher( 9461): Motion event has invalid pointer count 0; value must be between 1 and 16.

I/Unity   (18234): NullReferenceException: Object reference not set to an instance of an object

I/Unity   (18234):   at Soomla.Store.StoreInventory.GetItemBalance (System.String itemId) [0x00000] in <filename unknown>:0 

I/Unity   (18234):   at Soomla.Store.Example.PurchaseScript.CheckIAP_PurchaseStatus () [0x00000] in <filename unknown>:0 

I/Unity   (18234):   at Soomla.Store.Example.PurchaseScript.Update () [0x00000] in <filename unknown>:0 

I/Unity   (18234):  

I/Unity   (18234): (Filename:  Line: -1)

I/Unity   (18234): 

D/GuidanceScreen( 9692): event === app_launch

D/GuidanceScreen( 9692): hiding guidance

D/GuidanceScreen( 9692): hardKeyboard = 1

D/GuidanceScreen( 9692): controllerType === Keyboard

D/GuidanceScreen( 9692): appName: Gamepop-Home, currentPkg: com.bluestacks.gamepophome, event: app_launch, controller: Keyboard

D/GuidanceScreen( 9692): appName: Gamepop-Home

W/PGA     ( 9446): tid 9446: eglCreateSyncKHR: NOT IMPLEMENTED

I/ActivityManager( 9461): START u0 {act=android.intent.action.MAIN cat=[android.intent.category.HOME] flg=0x10200000 cmp=com.bluestacks.gamepophome/tv.gamepop.home.GamePopMain_} from pid 9461

D/ActivityManager( 9461): TopActivityInfo, pkgName: com.bluestacks.gamepophome activityName: tv.gamepop.home.GamePopMain_ callingPackage: android  bstSpecialAppKeyboardHandlingEnabled = false

D/ActivityManager( 9461): Showing guidance for pkgName: com.bluestacks.gamepophome

D/Home.AppLaunchReceiver( 9729): *************************Received app launch broadcast

D/Home.AppLaunchReceiver( 9729): Home App com.bluestacks.gamepophome

I/Unity   (18234): NullReferenceException: Object reference not set to an instance of an object

I/Unity   (18234):   at Soomla.Store.StoreInventory.GetItemBalance (System.String itemId) [0x00000] in <filename unknown>:0 

I/Unity   (18234):   at Soomla.Store.Example.PurchaseScript.CheckIAP_PurchaseStatus () [0x00000] in <filename unknown>:0 

I/Unity   (18234):   at Soomla.Store.Example.PurchaseScript.Update () [0x00000] in <filename unknown>:0 

I/Unity   (18234):  

I/Unity   (18234): (Filename:  Line: -1)

I/Unity   (18234): 

D/GuidanceScreen( 9692): no guidance for com.bluestacks.gamepophome.

D/GuidanceScreen( 9692): event === app_launch

D/GuidanceScreen( 9692): hiding guidance

D/GuidanceScreen( 9692): hardKeyboard = 1

D/GuidanceScreen( 9692): controllerType === Keyboard

D/ActivityManager( 9461): TopActivityInfo, pkgName: com.bluestacks.gamepophome activityName: com.bluestacks.gamepophome/tv.gamepop.home.GamePopMain_ callingPackage:   bstSpecialAppKeyboardHandlingEnabled = false

D/ActivityManager( 9461): Showing guidance for pkgName: com.bluestacks.gamepophome

D/WindowManager( 9461): in computeScreenConfigurationLocked() -- hardKeyboardAvailable :true  mHardKeyboardAvailable :true   mHardKeyboardEnabled :true

D/GuidanceScreen( 9692): appName: Gamepop-Home, currentPkg: com.bluestacks.gamepophome, event: app_launch, controller: Keyboard

D/GuidanceScreen( 9692): appName: Gamepop-Home

D/Home.AppLaunchReceiver( 9729): *************************Received app launch broadcast

D/Home.AppLaunchReceiver( 9729): Home App com.bluestacks.gamepophome

D/GuidanceScreen( 9692): no guidance for com.bluestacks.gamepophome.

I/ActivityManager( 9461): Setting mBooting value to false, currently mBooted = true

I/bluestacksHome( 9708): OnResume Called

W/ContextImpl( 9708): Implicit intents with startService are not safe: Intent { act=com.bluestacks.START_SILENT_INSTALL_MESSENGER } android.content.ContextWrapper.startService:494 tv.gamepop.home.InstalledAppsGrid.refreshHiddenList:140 tv.gamepop.home.InstalledAppsGrid.refresh:375 

D/bluestacksHome( 9708): Checking for notifications

W/ContextImpl( 9708): Implicit intents with startService are not safe: Intent { act=com.bluestacks.START_SILENT_INSTALL_MESSENGER } android.content.ContextWrapper.bindService:517 tv.gamepop.home.InstalledAppsGrid.refreshHiddenList:141 tv.gamepop.home.InstalledAppsGrid.refresh:375 

D/dalvikvm( 9461): GC_FOR_ALLOC freed 977K, 24% free 8162K/10660K, paused 10ms, total 10ms

D/dalvikvm( 9708): GC_CONCURRENT freed 7553K, 30% free 26026K/37000K, paused 0ms+0ms, total 30ms

D/dalvikvm( 9708): WAIT_FOR_CONCURRENT_GC blocked 10ms

D/dalvikvm( 9708): WAIT_FOR_CONCURRENT_GC blocked 10ms

I/bluestacksHome( 9708): OnResume Returning

W/PGA     ( 9708): [9708] egl: eglCreateWindowSurface (0x5584b7a0, 0x0, 0x7978c1a8, 0x7760a0e0)

W/PGA     ( 9708): [9708] egl: eglCreateWindowSurface (0x5584b7a0, 0x0, 0x7978c1a8, 0x7760a0e0) returned

D/WindowManager( 9461): topDisplayedActivityInfo, appToken: Token{32a65bc0 ActivityRecord{32972f94 u0 com.ParadigmDinosaurs.PuzzlesForKidsVehicles/com.unity3d.player.UnityPlayerNativeActivity t20}}

D/InputMethodManagerService( 9461): ime_enabled = false is same as last value, no change

I/ActivityManager( 9461): Setting mBooting value to false, currently mBooted = true

D/WindowManager( 9461): topDisplayedActivityInfo, appToken: Token{32a65bc0 ActivityRecord{32972f94 u0 com.ParadigmDinosaurs.PuzzlesForKidsVehicles/com.unity3d.player.UnityPlayerNativeActivity t20}}

D/WindowManager( 9461): topDisplayedActivityInfo, appToken: Token{32979b4c ActivityRecord{3299a9d0 u0 com.bluestacks.gamepophome/tv.gamepop.home.GamePopMain_ t1}}

D/WindowManager( 9461): topDisplayedActivityInfo, appToken: Token{32979b4c ActivityRecord{3299a9d0 u0 com.bluestacks.gamepophome/tv.gamepop.home.GamePopMain_ t1}}

I/ActivityManager( 9461): Setting mBooting value to false, currently mBooted = true

D/dalvikvm( 9461): GC_FOR_ALLOC freed 953K, 24% free 8187K/10660K, paused 10ms, total 10ms

D/dalvikvm( 9461): GC_FOR_ALLOC freed 869K, 24% free 8169K/10660K, paused 10ms, total 10ms

V/GLSActivity( 9787): AuthDelegateWrapperCreated with selected intent: Intent { cmp=com.google.android.gms/.auth.DefaultAuthDelegateService }

V/GLSActivity( 9787): AuthDelegateWrapperCreated with selected intent: Intent { cmp=com.google.android.gms/.auth.DefaultAuthDelegateService }

D/dalvikvm( 9787): GC_CONCURRENT freed 1143K, 26% free 4301K/5776K, paused 0ms+0ms, total 0ms

D/ConnectivityService( 9461): handleInetConditionChange: net=1 != default=9 - ignore

D/dalvikvm( 9660): GC_CONCURRENT freed 640K, 31% free 2723K/3900K, paused 0ms+10ms, total 20ms

